# index/401
$ issue index

#### exit 1

#### stdout

#### stderr
エラー: トークンが無効です（looptrack issue login --browser でログインし直してください）

#### requests (1)
GET /im/api/v1/projects/demo/issues?all=1&sort=id
  Authorization: Bearer imp_golden_token
  X-Looptrack-Client: cli
  X-Looptrack-Lang: ja

#### files (0)
