# next-dry-run/422-json
$ issue next --dry-run --json

#### exit 1

#### stdout

#### stderr
エラー: DEMO-0001 は検証コマンドを持っていますが、verify の記録がありません。次を実行してから閉じてください: looptrack issue verify DEMO-0001

#### requests (1)
POST /im/api/v1/projects/demo/next
  Authorization: Bearer imp_golden_token
  Content-Type: application/json; charset=utf-8
  X-Looptrack-Client: cli
  X-Looptrack-Lang: ja
  body:
    {
      "comment": "",
      "dry_run": true,
      "override_reason": "",
      "types": []
    }

#### files (0)
