# next-dry-run/down
$ issue next --dry-run

#### exit 1

#### stdout

#### stderr
エラー: サーバに接続できません（$API）: $REASON

#### requests (1)
POST /im/api/v1/projects/demo/next
  Authorization: Bearer imp_golden_token
  Content-Type: application/json; charset=utf-8
  X-Looptrack-Client: cli
  X-Looptrack-Lang: ja
  body:
    {
      "comment": "",
      "dry_run": true,
      "override_reason": "",
      "types": []
    }

#### files (0)
