# init/sha-mismatch
$ issue init --project demo --source server

#### exit 1

#### stdout
init: $TMP/ws（プロジェクト demo・$API・AI claude-code）

#### stderr
エラー: kit/core/skills/issue/SKILL.md の SHA-256 が一覧と一致しません（取得をやり直してください）

#### requests (2)
GET /im/api/v1/dist
  Authorization: Bearer imp_golden_token
  X-Looptrack-Client: cli
  X-Looptrack-Lang: ja
GET /im/api/v1/dist/kit/core/skills/issue/SKILL.md
  Authorization: Bearer imp_golden_token
  X-Looptrack-Client: cli
  X-Looptrack-Lang: ja

#### files (0)
