# usage-report/404-json
$ issue usage report --since-last --json

#### exit 1

#### stdout

#### stderr
エラー: イシューが見つかりません: DEMO-0999

#### requests (1)
GET /im/api/v1/projects/demo/usage/report?since_last=1
  Authorization: Bearer imp_golden_token
  X-Looptrack-Client: cli
  X-Looptrack-Lang: ja

#### files (0)
