# verify-list/ok
$ issue verify DEMO-0001 --list

#### exit 0

#### stdout
DEMO-0001 の検証コマンド（2 件）
1. echo ok
2. printf 'a\nb\n'
直近の verify: 記録なし

#### stderr

#### requests (1)
GET /im/api/v1/issues/DEMO-0001/verify?project=demo
  Authorization: Bearer imp_golden_token
  X-Looptrack-Client: cli
  X-Looptrack-Lang: ja

#### files (0)
