# verify/fail
$ issue verify DEMO-0001

#### exit 1

#### stdout
DEMO-0001 の検証コマンド 2 件を実行します（場所: $TMP/ws・本文 01234567）
[1/2] $ echo ok
[1/2] ok      echo ok（$SEC 秒）
[2/2] $ echo 失敗した; echo token=imp_secretsecret; exit 3
[2/2] fail    echo 失敗した; echo token=imp_secretsecret; exit 3（exit 3・$SEC 秒）
      | 失敗した
      | token=***
結果: 1/2 成功・1 失敗（$SEC 秒）
verify を記録: DEMO-0001（1/2 成功・1 失敗）

#### stderr

#### requests (2)
GET /im/api/v1/issues/DEMO-0001/verify?project=demo
  Authorization: Bearer imp_golden_token
  X-Looptrack-Client: cli
  X-Looptrack-Lang: ja
POST /im/api/v1/issues/DEMO-0001/verify?project=demo
  Authorization: Bearer imp_golden_token
  Content-Type: application/json; charset=utf-8
  X-Looptrack-Client: cli
  X-Looptrack-Lang: ja
  body:
    {
      "body_sha256": "0123456789abcdef0123456789abcdef0123456789abcdef0123456789abcdef",
      "host": "$HOST",
      "results": [
        {
          "command": "echo ok",
          "duration_ms": 0,
          "exit_code": 0,
          "output_tail": "ok\n",
          "status": "ok"
        },
        {
          "command": "echo 失敗した; echo token=imp_secretsecret; exit 3",
          "duration_ms": 0,
          "exit_code": 3,
          "output_tail": "失敗した\ntoken=***\n",
          "status": "fail"
        }
      ],
      "workspace": "ws"
    }

#### files (0)
