# guide/ok
$ issue guide

#### exit 0

#### stdout
# 使い方とルール

## 共通規則

- 作業はイシューから始める

## プロジェクト別ルール（demo）

- verify: 有効

#### stderr

#### requests (1)
GET /im/api/v1/projects/demo/guide?format=md
  Authorization: Bearer imp_golden_token
  X-Looptrack-Client: cli
  X-Looptrack-Lang: ja

#### files (0)
