# activity/down
$ issue activity DEMO-0001 DEMO-0002 --since 1714600000.25

#### exit 1

#### stdout

#### stderr
エラー: サーバに接続できません（$API）: $REASON

#### requests (1)
GET /im/api/v1/activity?ids=DEMO-0001%2CDEMO-0002&since=1714600000.25
  Authorization: Bearer imp_golden_token
  X-Looptrack-Client: cli
  X-Looptrack-Lang: ja

#### files (0)
