# attach/secret
$ issue attach DEMO-0001 notes.txt env.txt

#### exit 1

#### stdout

#### stderr
エラー: env.txt の 2 行目に秘密らしい文字列（TOKEN=…）があるので、何も送らずに止めました。値を伏せてから添付してください

#### requests (0)

#### files (3)
ws/env.txt (0644)
    ok
    export TOKEN=abc123
ws/notes.txt (0644)
    PASS
    ok  pkg
ws/shot.png (0644)
    (バイナリ 12 バイト sha256=1b56b50ac4e976f488f128cabdcdffb2fc9331d6974bb9968131a415d14ade24)
