# credentials/refresh-invalid
$ issue show DEMO-0001
env LOOPTRACK_TOKEN=

#### exit 1

#### stdout

#### stderr
エラー: ログインの有効期限が切れました（保存した更新トークンが期限切れか失効しています）（looptrack issue login --browser でログインし直してください）

#### requests (2)
GET /im/api/v1/issues/DEMO-0001?format=md&project=demo
  Authorization: Bearer imp_old
  X-Looptrack-Client: cli
  X-Looptrack-Lang: ja
POST /im/oauth/token
  Content-Type: application/x-www-form-urlencoded
  X-Looptrack-Lang: ja
  body:
    client_id=cid_golden&grant_type=refresh_token&refresh_token=imr_refresh_1&resource=$API%2Fapi%2Fv1

#### files (1)
home/.config/looptrack/credentials.json (0600)
    {
      "$API": {
        "client_id": "cid_golden",
        "login": "alice",
        "token": "imp_old"
      }
    }
