# credentials/too-open
$ issue show DEMO-0001
env LOOPTRACK_TOKEN=

#### exit 1

#### stdout

#### stderr
エラー: $TMP/home/.config/looptrack/credentials.json の権限が広すぎます（他の利用者が読めます）。chmod 600 $TMP/home/.config/looptrack/credentials.json を実行してください

#### requests (0)

#### files (1)
home/.config/looptrack/credentials.json (0644)
    {}
