# init --project demo --agent copilot --loop の後に init --remove-loop

#### exit 0

#### stdout
init --remove-loop: $TMP/ws
  削除         .claude/rules/looptrack-loop/background-process.md
  削除         .claude/rules/looptrack-loop/en/background-process.md
  削除         .claude/rules/looptrack-loop/en/iteration-discipline.md
  削除         .claude/rules/looptrack-loop/en/output-discipline.md
  削除         .claude/rules/looptrack-loop/en/secrets-discipline.md
  削除         .claude/rules/looptrack-loop/en/working-discipline.md
  削除         .claude/rules/looptrack-loop/iteration-discipline.md
  削除         .claude/rules/looptrack-loop/output-discipline.md
  削除         .claude/rules/looptrack-loop/secrets-discipline.md
  削除         .claude/rules/looptrack-loop/working-discipline.md
  削除         .claude/skills/iterate/SKILL.md
  削除         .claude/skills/session-handoff/SKILL.md
  更新         .github/hooks/looptrack.json
  更新         AGENTS.md
  更新         .claude/.looptrack-kit.json
変更前のファイル: .claude/.looptrack-init-backup/20260919-123456
次に: Copilot は新しいセッションから反映する。core（SessionStart の要約・トークン計測の hook・AGENTS.md の課題管理の節）はそのまま（鮮度ガードと skill /issue は Claude Code の導入にだけ置くもので、この導入には無い）

#### stderr

#### files
.claude/.looptrack-init-backup/.gitignore (0644)
    *
.claude/.looptrack-init-backup/20260919-123456/.claude/.looptrack-kit.json (0644)
    {
      "version": 1,
      "url": "http://127.0.0.1:9/im",
      "project": "demo",
      "agent": [
        "copilot"
      ],
      "source": "copy",
      "core": {
        "bundle_sha256": "$SHA256",
        "files": {
          "kit/core/skills/issue/SKILL.md": "$SHA256",
          "kit/core/skills/issue/en/SKILL.md": "$SHA256",
          "kit/core/skills/token-report/SKILL.md": "$SHA256",
          "kit/core/skills/token-report/en/SKILL.md": "$SHA256"
        }
      },
      "loop": {
        "installed": true,
        "installed_at": "2026-09-19T12:34:56Z",
        "bundle_sha256": "$SHA256",
        "files": {
          "kit/loop/manifest.json": "$SHA256",
          "kit/loop/rules/background-process.md": "$SHA256",
          "kit/loop/rules/iteration-discipline.md": "$SHA256",
          "kit/loop/rules/output-discipline.md": "$SHA256",
          "kit/loop/rules/secrets-discipline.md": "$SHA256",
          "kit/loop/rules/working-discipline.md": "$SHA256",
          "kit/loop/rules/en/background-process.md": "$SHA256",
          "kit/loop/rules/en/iteration-discipline.md": "$SHA256",
          "kit/loop/rules/en/output-discipline.md": "$SHA256",
          "kit/loop/rules/en/secrets-discipline.md": "$SHA256",
          "kit/loop/rules/en/working-discipline.md": "$SHA256",
          "kit/loop/skills/iterate/SKILL.md": "$SHA256",
          "kit/loop/skills/iterate/en/SKILL.md": "$SHA256",
          "kit/loop/skills/session-handoff/SKILL.md": "$SHA256",
          "kit/loop/skills/session-handoff/en/SKILL.md": "$SHA256"
        },
        "version": 1
      }
    }
.claude/.looptrack-init-backup/20260919-123456/.claude/rules/looptrack-loop/background-process.md (0644) = kit kit/loop/rules/background-process.md
.claude/.looptrack-init-backup/20260919-123456/.claude/rules/looptrack-loop/en/background-process.md (0644) = kit kit/loop/rules/en/background-process.md
.claude/.looptrack-init-backup/20260919-123456/.claude/rules/looptrack-loop/en/iteration-discipline.md (0644) = kit kit/loop/rules/en/iteration-discipline.md
.claude/.looptrack-init-backup/20260919-123456/.claude/rules/looptrack-loop/en/output-discipline.md (0644) = kit kit/loop/rules/en/output-discipline.md
.claude/.looptrack-init-backup/20260919-123456/.claude/rules/looptrack-loop/en/secrets-discipline.md (0644) = kit kit/loop/rules/en/secrets-discipline.md
.claude/.looptrack-init-backup/20260919-123456/.claude/rules/looptrack-loop/en/working-discipline.md (0644) = kit kit/loop/rules/en/working-discipline.md
.claude/.looptrack-init-backup/20260919-123456/.claude/rules/looptrack-loop/iteration-discipline.md (0644) = kit kit/loop/rules/iteration-discipline.md
.claude/.looptrack-init-backup/20260919-123456/.claude/rules/looptrack-loop/output-discipline.md (0644) = kit kit/loop/rules/output-discipline.md
.claude/.looptrack-init-backup/20260919-123456/.claude/rules/looptrack-loop/secrets-discipline.md (0644) = kit kit/loop/rules/secrets-discipline.md
.claude/.looptrack-init-backup/20260919-123456/.claude/rules/looptrack-loop/working-discipline.md (0644) = kit kit/loop/rules/working-discipline.md
.claude/.looptrack-init-backup/20260919-123456/.claude/skills/iterate/SKILL.md (0644) = kit kit/loop/skills/iterate/SKILL.md
.claude/.looptrack-init-backup/20260919-123456/.claude/skills/session-handoff/SKILL.md (0644) = kit kit/loop/skills/session-handoff/SKILL.md
.claude/.looptrack-init-backup/20260919-123456/.github/hooks/looptrack.json (0644)
    {
      "version": 1,
      "hooks": {
        "SessionStart": [
          {
            "type": "command",
            "command": "LOOPTRACK_API_URL=http://127.0.0.1:9/im LOOPTRACK_PROJECT=demo looptrack hook session-start --agent copilot --parts summary,session-start-rules,session-start-memories,session-start-iteration,session-start-worktrees",
            "bash": "LOOPTRACK_API_URL=http://127.0.0.1:9/im LOOPTRACK_PROJECT=demo looptrack hook session-start --agent copilot --parts summary,session-start-rules,session-start-memories,session-start-iteration,session-start-worktrees",
            "powershell": "$env:LOOPTRACK_API_URL='http://127.0.0.1:9/im'; $env:LOOPTRACK_PROJECT='demo'; looptrack hook session-start --agent copilot --parts summary,session-start-rules,session-start-memories,session-start-iteration,session-start-worktrees",
            "windows": "$env:LOOPTRACK_API_URL='http://127.0.0.1:9/im'; $env:LOOPTRACK_PROJECT='demo'; looptrack hook session-start --agent copilot --parts summary,session-start-rules,session-start-memories,session-start-iteration,session-start-worktrees",
            "timeoutSec": 15
          }
        ],
        "PostToolUse": [
          {
            "type": "command",
            "command": "LOOPTRACK_API_URL=http://127.0.0.1:9/im LOOPTRACK_PROJECT=demo looptrack hook usage --agent copilot --event PostToolUse",
            "bash": "LOOPTRACK_API_URL=http://127.0.0.1:9/im LOOPTRACK_PROJECT=demo looptrack hook usage --agent copilot --event PostToolUse",
            "powershell": "$env:LOOPTRACK_API_URL='http://127.0.0.1:9/im'; $env:LOOPTRACK_PROJECT='demo'; looptrack hook usage --agent copilot --event PostToolUse",
            "windows": "$env:LOOPTRACK_API_URL='http://127.0.0.1:9/im'; $env:LOOPTRACK_PROJECT='demo'; looptrack hook usage --agent copilot --event PostToolUse",
            "timeoutSec": 10
          },
          {
            "type": "command",
            "command": "looptrack hook post-work-complete-handoff-mark --agent copilot",
            "bash": "looptrack hook post-work-complete-handoff-mark --agent copilot",
            "powershell": "looptrack hook post-work-complete-handoff-mark --agent copilot",
            "windows": "looptrack hook post-work-complete-handoff-mark --agent copilot",
            "timeoutSec": 5
          }
        ],
        "Stop": [
          {
            "type": "command",
            "command": "LOOPTRACK_API_URL=http://127.0.0.1:9/im LOOPTRACK_PROJECT=demo looptrack hook usage --agent copilot --event Stop",
            "bash": "LOOPTRACK_API_URL=http://127.0.0.1:9/im LOOPTRACK_PROJECT=demo looptrack hook usage --agent copilot --event Stop",
            "powershell": "$env:LOOPTRACK_API_URL='http://127.0.0.1:9/im'; $env:LOOPTRACK_PROJECT='demo'; looptrack hook usage --agent copilot --event Stop",
            "windows": "$env:LOOPTRACK_API_URL='http://127.0.0.1:9/im'; $env:LOOPTRACK_PROJECT='demo'; looptrack hook usage --agent copilot --event Stop",
            "timeoutSec": 10
          },
          {
            "type": "command",
            "command": "looptrack hook stop-handoff-freshness --agent copilot",
            "bash": "looptrack hook stop-handoff-freshness --agent copilot",
            "powershell": "looptrack hook stop-handoff-freshness --agent copilot",
            "windows": "looptrack hook stop-handoff-freshness --agent copilot",
            "timeoutSec": 10
          }
        ],
        "SessionEnd": [
          {
            "type": "command",
            "command": "LOOPTRACK_API_URL=http://127.0.0.1:9/im LOOPTRACK_PROJECT=demo looptrack hook usage --agent copilot --event SessionEnd",
            "bash": "LOOPTRACK_API_URL=http://127.0.0.1:9/im LOOPTRACK_PROJECT=demo looptrack hook usage --agent copilot --event SessionEnd",
            "powershell": "$env:LOOPTRACK_API_URL='http://127.0.0.1:9/im'; $env:LOOPTRACK_PROJECT='demo'; looptrack hook usage --agent copilot --event SessionEnd",
            "windows": "$env:LOOPTRACK_API_URL='http://127.0.0.1:9/im'; $env:LOOPTRACK_PROJECT='demo'; looptrack hook usage --agent copilot --event SessionEnd",
            "timeoutSec": 10
          }
        ],
        "UserPromptSubmit": [
          {
            "type": "command",
            "command": "looptrack hook user-prompt --agent copilot --parts user-prompt-rules,user-prompt-task-mode,session-scope-guard,user-prompt-stale-base",
            "bash": "looptrack hook user-prompt --agent copilot --parts user-prompt-rules,user-prompt-task-mode,session-scope-guard,user-prompt-stale-base",
            "powershell": "looptrack hook user-prompt --agent copilot --parts user-prompt-rules,user-prompt-task-mode,session-scope-guard,user-prompt-stale-base",
            "windows": "looptrack hook user-prompt --agent copilot --parts user-prompt-rules,user-prompt-task-mode,session-scope-guard,user-prompt-stale-base",
            "timeoutSec": 15
          }
        ],
        "PreToolUse": [
          {
            "type": "command",
            "command": "looptrack hook pre-edit-task-mode-guard --agent copilot",
            "bash": "looptrack hook pre-edit-task-mode-guard --agent copilot",
            "powershell": "looptrack hook pre-edit-task-mode-guard --agent copilot",
            "windows": "looptrack hook pre-edit-task-mode-guard --agent copilot",
            "timeoutSec": 5
          },
          {
            "type": "command",
            "command": "looptrack hook pre-tool-secrets-guard --agent copilot",
            "bash": "looptrack hook pre-tool-secrets-guard --agent copilot",
            "powershell": "looptrack hook pre-tool-secrets-guard --agent copilot",
            "windows": "looptrack hook pre-tool-secrets-guard --agent copilot",
            "timeoutSec": 5
          },
          {
            "type": "command",
            "command": "looptrack hook pre-tool-git-guard --agent copilot",
            "bash": "looptrack hook pre-tool-git-guard --agent copilot",
            "powershell": "looptrack hook pre-tool-git-guard --agent copilot",
            "windows": "looptrack hook pre-tool-git-guard --agent copilot",
            "timeoutSec": 5
          },
          {
            "type": "command",
            "command": "looptrack hook pre-tool-wait-loop-guard --agent copilot",
            "bash": "looptrack hook pre-tool-wait-loop-guard --agent copilot",
            "powershell": "looptrack hook pre-tool-wait-loop-guard --agent copilot",
            "windows": "looptrack hook pre-tool-wait-loop-guard --agent copilot",
            "timeoutSec": 5
          }
        ]
      }
    }
.claude/.looptrack-init-backup/20260919-123456/AGENTS.md (0644)
    <!-- looptrack:begin（looptrack issue init が管理する節。直すときは looptrack issue init を再実行する） -->
    ## 課題管理（イシュー管理サーバ）

    **作業はイシュー登録から始める。会話だけで進めない。不具合は発覚と同時に起票する。**

    - **操作は MCP のツール（サーバ名 looptrack）で行う**（GitHub Copilot。VS Code は `.vscode/mcp.json`、Copilot CLI はリポジトリの `.github/mcp.json` か `~/.copilot/mcp-config.json` の looptrack。
      CLI の MCP のツールは呼ぶたびに承認が要る。利用者が `copilot --allow-tool='looptrack'` で起動すれば要らない）。
      CLI（`looptrack issue`）は MCP に無い操作だけに使う
    - **使い方とルールは最初に `guide` ツールで読む**（共通規則 + このプロジェクトのルール + 運用文書を 1 回で返す）
    - ループ運用の 1 周: `next`（着手）→ 作業 → `add_comment`（分かった時点で記録）→ 受け入れ条件を検証 → `set_status` で Done（`comment` に検証結果）→ 次の `next`。
      起票は `create_issue`、本文の編集は `get_issue` で version と全文を取り `update_issue` に直した全文を渡す。拒否されたらメッセージの指示に従う
    - 検証コマンド（本文の「## 検証コマンド」節）: `verify_issue` で一覧を取り、手元のシェルで順に全部実行して、結果を `report_verify` で送る
    - トークン情報: 利用者が GitHub Copilot の OpenTelemetry のファイル出力を有効にすると、フック（`.github/hooks/looptrack.json` の `looptrack hook usage`）が
      MCP の操作・ターン終了のたびにイシューへ付ける（手順は AI-GUIDE §7-3-1）。有効にしていなければ付かず、未付与にも数えない。
      Copilot CLI のシェルでは `looptrack issue usage attach <ID>` で付けられる（`COPILOT_AGENT_SESSION_ID` から会話を特定し、OTel のファイル出力から付ける）。
      **VS Code の Copilot では `looptrack issue usage attach` を実行しない**（シェルにセッション ID が渡らず付けられない）
    - CLI が要るのは: `looptrack issue login --browser --url http://127.0.0.1:9/im`（初回だけ。フックの SessionStart が使うトークン。開いたブラウザで利用者がログインと承認をする）・
      導入と更新（`init`・`installed`。`setup` ツールが返す手順どおり）。CLI を打つときはコマンドの前に `LOOPTRACK_API_URL=http://127.0.0.1:9/im LOOPTRACK_PROJECT=demo` を付ける
    - MCP の looptrack が接続されていないときは、CLI の `next` / `comment` / `verify` / `close --comment` で同じ 1 周を回す（`LOOPTRACK_API_URL=http://127.0.0.1:9/im LOOPTRACK_PROJECT=demo` を前に付ける）。
      本文・コメントはクォート付きヒアドキュメント（`<<'EOF'`）で渡す。利用者に MCP の接続設定を勧める
    - 閲覧: http://127.0.0.1:9/im/p/demo/ （ログイン必須・閲覧専用）
    <!-- looptrack:end -->

    <!-- looptrack:loop:begin -->
    （loop 節: kit/loop の rules・skill から組み立てた本文）
    <!-- looptrack:loop:end -->
.claude/.looptrack-kit.json (0644)
    {
      "version": 1,
      "url": "http://127.0.0.1:9/im",
      "project": "demo",
      "agent": [
        "copilot"
      ],
      "source": "copy",
      "core": {
        "bundle_sha256": "$SHA256",
        "files": {
          "kit/core/skills/issue/SKILL.md": "$SHA256",
          "kit/core/skills/issue/en/SKILL.md": "$SHA256",
          "kit/core/skills/token-report/SKILL.md": "$SHA256",
          "kit/core/skills/token-report/en/SKILL.md": "$SHA256"
        }
      },
      "loop": {
        "installed": false,
        "removed_at": "2026-09-19T12:34:56Z",
        "declined_at": "2026-09-19T12:34:56Z"
      }
    }
.github/hooks/looptrack.json (0644)
    {
      "version": 1,
      "hooks": {
        "SessionStart": [
          {
            "type": "command",
            "command": "LOOPTRACK_API_URL=http://127.0.0.1:9/im LOOPTRACK_PROJECT=demo looptrack hook summary --agent copilot",
            "bash": "LOOPTRACK_API_URL=http://127.0.0.1:9/im LOOPTRACK_PROJECT=demo looptrack hook summary --agent copilot",
            "powershell": "$env:LOOPTRACK_API_URL='http://127.0.0.1:9/im'; $env:LOOPTRACK_PROJECT='demo'; looptrack hook summary --agent copilot",
            "windows": "$env:LOOPTRACK_API_URL='http://127.0.0.1:9/im'; $env:LOOPTRACK_PROJECT='demo'; looptrack hook summary --agent copilot",
            "timeoutSec": 10
          }
        ],
        "PostToolUse": [
          {
            "type": "command",
            "command": "LOOPTRACK_API_URL=http://127.0.0.1:9/im LOOPTRACK_PROJECT=demo looptrack hook usage --agent copilot --event PostToolUse",
            "bash": "LOOPTRACK_API_URL=http://127.0.0.1:9/im LOOPTRACK_PROJECT=demo looptrack hook usage --agent copilot --event PostToolUse",
            "powershell": "$env:LOOPTRACK_API_URL='http://127.0.0.1:9/im'; $env:LOOPTRACK_PROJECT='demo'; looptrack hook usage --agent copilot --event PostToolUse",
            "windows": "$env:LOOPTRACK_API_URL='http://127.0.0.1:9/im'; $env:LOOPTRACK_PROJECT='demo'; looptrack hook usage --agent copilot --event PostToolUse",
            "timeoutSec": 10
          }
        ],
        "Stop": [
          {
            "type": "command",
            "command": "LOOPTRACK_API_URL=http://127.0.0.1:9/im LOOPTRACK_PROJECT=demo looptrack hook usage --agent copilot --event Stop",
            "bash": "LOOPTRACK_API_URL=http://127.0.0.1:9/im LOOPTRACK_PROJECT=demo looptrack hook usage --agent copilot --event Stop",
            "powershell": "$env:LOOPTRACK_API_URL='http://127.0.0.1:9/im'; $env:LOOPTRACK_PROJECT='demo'; looptrack hook usage --agent copilot --event Stop",
            "windows": "$env:LOOPTRACK_API_URL='http://127.0.0.1:9/im'; $env:LOOPTRACK_PROJECT='demo'; looptrack hook usage --agent copilot --event Stop",
            "timeoutSec": 10
          }
        ],
        "SessionEnd": [
          {
            "type": "command",
            "command": "LOOPTRACK_API_URL=http://127.0.0.1:9/im LOOPTRACK_PROJECT=demo looptrack hook usage --agent copilot --event SessionEnd",
            "bash": "LOOPTRACK_API_URL=http://127.0.0.1:9/im LOOPTRACK_PROJECT=demo looptrack hook usage --agent copilot --event SessionEnd",
            "powershell": "$env:LOOPTRACK_API_URL='http://127.0.0.1:9/im'; $env:LOOPTRACK_PROJECT='demo'; looptrack hook usage --agent copilot --event SessionEnd",
            "windows": "$env:LOOPTRACK_API_URL='http://127.0.0.1:9/im'; $env:LOOPTRACK_PROJECT='demo'; looptrack hook usage --agent copilot --event SessionEnd",
            "timeoutSec": 10
          }
        ]
      }
    }
AGENTS.md (0644)
    <!-- looptrack:begin（looptrack issue init が管理する節。直すときは looptrack issue init を再実行する） -->
    ## 課題管理（イシュー管理サーバ）

    **作業はイシュー登録から始める。会話だけで進めない。不具合は発覚と同時に起票する。**

    - **操作は MCP のツール（サーバ名 looptrack）で行う**（GitHub Copilot。VS Code は `.vscode/mcp.json`、Copilot CLI はリポジトリの `.github/mcp.json` か `~/.copilot/mcp-config.json` の looptrack。
      CLI の MCP のツールは呼ぶたびに承認が要る。利用者が `copilot --allow-tool='looptrack'` で起動すれば要らない）。
      CLI（`looptrack issue`）は MCP に無い操作だけに使う
    - **使い方とルールは最初に `guide` ツールで読む**（共通規則 + このプロジェクトのルール + 運用文書を 1 回で返す）
    - ループ運用の 1 周: `next`（着手）→ 作業 → `add_comment`（分かった時点で記録）→ 受け入れ条件を検証 → `set_status` で Done（`comment` に検証結果）→ 次の `next`。
      起票は `create_issue`、本文の編集は `get_issue` で version と全文を取り `update_issue` に直した全文を渡す。拒否されたらメッセージの指示に従う
    - 検証コマンド（本文の「## 検証コマンド」節）: `verify_issue` で一覧を取り、手元のシェルで順に全部実行して、結果を `report_verify` で送る
    - トークン情報: 利用者が GitHub Copilot の OpenTelemetry のファイル出力を有効にすると、フック（`.github/hooks/looptrack.json` の `looptrack hook usage`）が
      MCP の操作・ターン終了のたびにイシューへ付ける（手順は AI-GUIDE §7-3-1）。有効にしていなければ付かず、未付与にも数えない。
      Copilot CLI のシェルでは `looptrack issue usage attach <ID>` で付けられる（`COPILOT_AGENT_SESSION_ID` から会話を特定し、OTel のファイル出力から付ける）。
      **VS Code の Copilot では `looptrack issue usage attach` を実行しない**（シェルにセッション ID が渡らず付けられない）
    - CLI が要るのは: `looptrack issue login --browser --url http://127.0.0.1:9/im`（初回だけ。フックの SessionStart が使うトークン。開いたブラウザで利用者がログインと承認をする）・
      導入と更新（`init`・`installed`。`setup` ツールが返す手順どおり）。CLI を打つときはコマンドの前に `LOOPTRACK_API_URL=http://127.0.0.1:9/im LOOPTRACK_PROJECT=demo` を付ける
    - MCP の looptrack が接続されていないときは、CLI の `next` / `comment` / `verify` / `close --comment` で同じ 1 周を回す（`LOOPTRACK_API_URL=http://127.0.0.1:9/im LOOPTRACK_PROJECT=demo` を前に付ける）。
      本文・コメントはクォート付きヒアドキュメント（`<<'EOF'`）で渡す。利用者に MCP の接続設定を勧める
    - 閲覧: http://127.0.0.1:9/im/p/demo/ （ログイン必須・閲覧専用）
    <!-- looptrack:end -->
