# list-filter/ok-json
$ issue list --status Todo --type bug --label ui --ref FR-1 --all --assignee me --sort updated --reverse --json

#### exit 0

#### stdout
{
  "count": 1,
  "items": [
    {
      "id": "DEMO-0002",
      "project": "demo",
      "title": "保存でエラーになる",
      "type": "bug",
      "status": "Todo",
      "priority": "P0",
      "parent": "",
      "labels": [],
      "blocked_by": [
        "DEMO-0001"
      ],
      "traces": [],
      "refs": [],
      "created": "2024-05-01 10:00",
      "updated": "2024-05-02 11:30",
      "closed": false,
      "version": 3,
      "file_name": "DEMO-0002-x.md"
    }
  ]
}

#### stderr

#### requests (1)
GET /im/api/v1/projects/demo/issues?all=1&assignee=me&label=ui&ref=FR-1&reverse=1&sort=updated&status=Todo&type=bug
  Authorization: Bearer imp_golden_token
  X-Looptrack-Client: cli
  X-Looptrack-Lang: ja

#### files (0)
