# list/ok
$ issue list

#### exit 0

#### stdout
ID        TYPE        STATUS      PRI BLOCKED   ASSIGNEE     TITLE
DEMO-0001 task        In Progress P1  -         alice        ログイン画面を作る
DEMO-0002 bug         Todo        P0  DEMO-0001 -            保存でエラーになる
DEMO-0003 requirement In Review   P2  -         bob(!)       認証の要件
(!) は担当がこのプロジェクトで変更できなくなった（権限の解除・無効化）もの。引き継ぐなら assign（MCP は assign_issue）

3 件

#### stderr

#### requests (1)
GET /im/api/v1/projects/demo/issues?sort=priority
  Authorization: Bearer imp_golden_token
  X-Looptrack-Client: cli
  X-Looptrack-Lang: ja

#### files (0)
