# usage-ledger-list/down-json
$ issue usage ledger list --json

#### exit 1

#### stdout

#### stderr
エラー: サーバに接続できません（$API）: $REASON

#### requests (1)
GET /im/api/v1/projects/demo/usage/ledger
  Authorization: Bearer imp_golden_token
  X-Looptrack-Client: cli
  X-Looptrack-Lang: ja

#### files (0)
