# new-minimal/ok
$ issue new 最小の起票

#### exit 0

#### stdout
作成: DEMO-0005 新しい不具合

#### stderr

#### requests (1)
POST /im/api/v1/projects/demo/issues
  Authorization: Bearer imp_golden_token
  Content-Type: application/json; charset=utf-8
  X-Looptrack-Client: cli
  X-Looptrack-Lang: ja
  body:
    {
      "blocked_by": [],
      "body": "",
      "labels": [],
      "override_reason": "",
      "parent": "",
      "priority": "P2",
      "refs": [],
      "status": "Todo",
      "title": "最小の起票",
      "traces": [],
      "type": "task"
    }

#### files (0)
