# usage-report-xlsx/401
$ issue usage report --request 7 --xlsx report.xlsx

#### exit 1

#### stdout

#### stderr
エラー: トークンが無効です

#### requests (1)
GET /im/api/v1/projects/demo/usage/report.xlsx?request=7
  Authorization: Bearer imp_golden_token
  X-Looptrack-Client: cli
  X-Looptrack-Lang: ja

#### files (0)
