# usage-report-xlsx/ok
$ issue usage report --request 7 --xlsx report.xlsx

#### exit 0

#### stdout
書き出し: $TMP/ws/report.xlsx（イシュー 12 件）

#### stderr

#### requests (1)
GET /im/api/v1/projects/demo/usage/report.xlsx?request=7
  Authorization: Bearer imp_golden_token
  X-Looptrack-Client: cli
  X-Looptrack-Lang: ja

#### files (1)
ws/report.xlsx (0644)
    (バイナリ 18 バイト sha256=20edd8a5f6bc043dc690d51692a2a5d6cb03c66a89267f04c1724ff3bfe14bce)
