# login/409
$ issue login
env LOOPTRACK_TOKEN=
stdin "imp_pasted_token\n"

#### exit 1

#### stdout

#### stderr
エラー: トークンを確認できません: DEMO-0001 は他の操作で Done になっています

#### requests (1)
GET /im/api/v1/me
  Authorization: Bearer imp_pasted_token
  X-Looptrack-Client: cli
  X-Looptrack-Lang: ja

#### files (0)
