# login/422
$ issue login
env LOOPTRACK_TOKEN=
stdin "imp_pasted_token\n"

#### exit 1

#### stdout

#### stderr
エラー: トークンを確認できません: DEMO-0001 は検証コマンドを持っていますが、verify の記録がありません。次を実行してから閉じてください: looptrack issue verify DEMO-0001

#### requests (1)
GET /im/api/v1/me
  Authorization: Bearer imp_pasted_token
  X-Looptrack-Client: cli
  X-Looptrack-Lang: ja

#### files (0)
